// Jest Snapshot v1, https://goo.gl/fbAQLP

exports[`EditableTableWrapper renders correctly 1`] = `
<EditableTableWrapper
  onDragEnd={[Function]}
  tableRef={Object {}}
>
  <DragDropProvider
    onDragEnd={[Function]}
  >
    <DragDropContext
      enableDefaultSensors={false}
      onDragEnd={[Function]}
      onDragStart={[Function]}
      onDragUpdate={[Function]}
      sensors={
        Array [
          [Function],
          [Function],
          [Function],
        ]
      }
    >
      <ErrorBoundary>
        <App
          contextId="1"
          dragHandleUsageInstructions="
  Press space bar to start a drag.
  When dragging you can use the arrow keys to move the item around and escape to cancel.
  Some screen readers may require you to be in focus mode or to use your pass through key
"
          enableDefaultSensors={false}
          onDragEnd={[Function]}
          onDragStart={[Function]}
          onDragUpdate={[Function]}
          sensors={
            Array [
              [Function],
              [Function],
              [Function],
            ]
          }
          setCallbacks={[Function]}
        >
          <Provider
            context={
              Object {
                "$$typeof": Symbol(react.context),
                "Consumer": Object {
                  "$$typeof": Symbol(react.context),
                  "_calculateChangedBits": null,
                  "_context": [Circular],
                },
                "Provider": Object {
                  "$$typeof": Symbol(react.provider),
                  "_context": [Circular],
                },
                "_calculateChangedBits": null,
                "_currentRenderer": Object {},
                "_currentRenderer2": null,
                "_currentValue": null,
                "_currentValue2": null,
                "_threadCount": 0,
              }
            }
            store={
              Object {
                "@@observable": [Function],
                "dispatch": [Function],
                "getState": [Function],
                "replaceReducer": [Function],
                "subscribe": [Function],
              }
            }
          >
            <Droppable>
              <Connect(Droppable)
                direction="vertical"
                droppableId="xui-123"
                getContainerForClone={[Function]}
                ignoreContainerClipping={false}
                isCombineEnabled={false}
                isDropDisabled={false}
                mode="standard"
                renderClone={null}
                type="DEFAULT"
              >
                <Droppable
                  direction="vertical"
                  droppableId="xui-123"
                  getContainerForClone={[Function]}
                  ignoreContainerClipping={false}
                  isCombineEnabled={false}
                  isDropDisabled={false}
                  mode="standard"
                  placeholder={null}
                  renderClone={null}
                  shouldAnimatePlaceholder={false}
                  snapshot={
                    Object {
                      "draggingFromThisWith": null,
                      "draggingOverWith": null,
                      "isDraggingOver": false,
                      "isUsingPlaceholder": false,
                    }
                  }
                  type="DEFAULT"
                  updateViewportMaxScroll={[Function]}
                  useClone={null}
                >
                  <ForwardRef
                    className="xui-editabletablewrapper"
                    data-rbd-droppable-context-id="1"
                    data-rbd-droppable-id="xui-123"
                  >
                    <div
                      className="xui-editabletablewrapper xui-editabletableoverflow"
                      data-rbd-droppable-context-id="1"
                      data-rbd-droppable-id="xui-123"
                    >
                      <div
                        className="xui-editabletablewrapper--scrollcontainer"
                      >
                        <div
                          className="xui-editabletablewrapper--dndinstructions"
                          id="xui-123"
                        />
                      </div>
                      <div
                        className="xui-editabletablewrapper--border"
                      />
                    </div>
                  </ForwardRef>
                </Droppable>
              </Connect(Droppable)>
            </Droppable>
          </Provider>
        </App>
      </ErrorBoundary>
    </DragDropContext>
  </DragDropProvider>
</EditableTableWrapper>
`;
