// Jest Snapshot v1, https://goo.gl/fbAQLP

exports[`<XUIEditableTableCellSelectBox /> renders correctly 1`] = `
<XUIEditableTableCell
  className="xui-editabletablecellselectbox"
>
  <SelectBox
    buttonContent="EditableTable select box"
    closeAfterSelection={true}
    containerClasses="xui-editabletablecellselectbox--control"
    defaultLayout={true}
    forceDesktop={false}
    fullWidth="always"
    isLabelHidden={true}
    isOpen={false}
    isTextTruncated={true}
    label="EditableTable select box"
    matchTriggerWidth={true}
    restrictFocus={true}
  >
    <SelectBoxOption
      _isMenuItem={true}
      ariaRole="option"
      id="a"
      isDisabled={false}
      isHighlighted={false}
      isSelected={false}
      key="a"
      showCheckboxes={false}
      truncatedText={false}
      value="Apple"
    >
      Apple
    </SelectBoxOption>
    <SelectBoxOption
      _isMenuItem={true}
      ariaRole="option"
      id="b"
      isDisabled={false}
      isHighlighted={false}
      isSelected={false}
      key="b"
      showCheckboxes={false}
      truncatedText={false}
      value="Banana"
    >
      Banana
    </SelectBoxOption>
    <SelectBoxOption
      _isMenuItem={true}
      ariaRole="option"
      id="c"
      isDisabled={false}
      isHighlighted={false}
      isSelected={false}
      key="c"
      showCheckboxes={false}
      truncatedText={false}
      value="Cucumber"
    >
      Cucumber
    </SelectBoxOption>
  </SelectBox>
</XUIEditableTableCell>
`;
