// Jest Snapshot v1, https://goo.gl/fbAQLP

exports[`<XUIEditableTableCellTextInput /> renders correctly 1`] = `
<XUIEditableTableCellControl
  cellIds={
    Object {
      "control": undefined,
      "wrapper": undefined,
    }
  }
  className="xui-editabletablecelltextinput"
  onClick={[Function]}
>
  <XUITextInput
    _useCellStyling={true}
    containerClassName="xui-editabletablecelltextinput--control"
    inputProps={Object {}}
    isLabelHidden={true}
    isValueReverseAligned={false}
    minRows={3}
    onBlur={[Function]}
    onFocus={[Function]}
    size="medium"
  />
</XUIEditableTableCellControl>
`;
