// Jest Snapshot v1, https://goo.gl/fbAQLP

exports[`<XUIEditableTableCell /> composes the className correctly 1`] = `
<td
  className="xui-editabletablecell test-classname"
/>
`;

exports[`<XUIEditableTableCell /> renders correctly 1`] = `
<td
  className="xui-editabletablecell"
>
  XUIEditableTableCell
</td>
`;
