// Jest Snapshot v1, https://goo.gl/fbAQLP

exports[`<XUIEditableTableCell /> composes the className correctly 1`] = `
<th
  className="xui-editabletableheadingcell test-classname xui-editabletableheadingcell-leftaligned"
/>
`;

exports[`<XUIEditableTableCell /> renders correctly 1`] = `
<th
  className="xui-editabletableheadingcell xui-editabletableheadingcell-leftaligned"
>
  XUIEditableTableHeadingCell
</th>
`;
