// Jest Snapshot v1, https://goo.gl/fbAQLP

exports[`<XUIEditableTableCell /> composes the className correctly 1`] = `
<th
  className="xui-editabletableheadingcell test-classname"
/>
`;

exports[`<XUIEditableTableCell /> renders correctly 1`] = `
<th
  className="xui-editabletableheadingcell"
>
  XUIEditableTableHeadingCell
</th>
`;
