// Jest Snapshot v1, https://goo.gl/fbAQLP

exports[`<XUIEditableTableFootAction /> renders correctly 1`] = `
<XUIButton
  fullWidth="never"
  isDisabled={false}
  isExternalLink={false}
  isGrouped={false}
  isLink={false}
  isLoading={false}
  retainLayout={true}
  size="small"
  tabIndex={0}
  type="button"
  variant="borderless-main"
>
  test button
</XUIButton>
`;
