// Jest Snapshot v1, https://goo.gl/fbAQLP

exports[`<XUIToastAction /> should be able to render custom class names 1`] = `null`;

exports[`<XUIToastAction /> should render a custom href because it's a link 1`] = `null`;

exports[`<XUIToastAction /> should render a passed qaHook as an automation id 1`] = `
<button
  className="xui-button xui-toast--action xui-button-borderless-main xui-button-small"
  data-automationid="toast-action"
  disabled={false}
  onClick={[Function]}
  onKeyDown={undefined}
  tabIndex={0}
  type="button"
>
  Action 1
</button>
`;
