// Jest Snapshot v1, https://goo.gl/fbAQLP

exports[`XUIToast should render a passed qaHook as an auotmation id 1`] = `
<div
  aria-hidden={false}
  className="xui-toast xui-toast-layout"
  data-automationid="toast-example"
  onMouseLeave={undefined}
  onMouseOver={undefined}
  role="status"
>
  <span>
    Content
  </span>
</div>
`;
