// Jest Snapshot v1, https://goo.gl/fbAQLP

exports[`XUIButtonCaret renders a passed qaHook as an automationId 1`] = `
<svg
  className="xui-icon xui-button--caret xui-icon-inline"
  data-automationid="button-caret"
  focusable="false"
  height={5}
  viewBox="0 0 10 5"
  width={10}
>
  <path
    d="M0 0l5 5 5-5z"
    role="presentation"
  />
</svg>
`;
