// Jest Snapshot v1, https://goo.gl/fbAQLP

exports[`XUIToggleOption should have a qaHook on the root node if provided 1`] = `
<label
  className="xui-toggle-option"
  data-automationid="cheese-and-crackers"
  htmlFor={undefined}
>
  <input
    checked={undefined}
    className="xui-toggle--input"
    data-automationid="cheese-and-crackers--input"
    defaultChecked={undefined}
    disabled={undefined}
    id={undefined}
    name={undefined}
    onChange={[Function]}
    required={undefined}
    type="radio"
    value={undefined}
  />
  <span
    className="xui-toggle--label"
  />
</label>
`;
