// Jest Snapshot v1, https://goo.gl/fbAQLP

exports[`<DropDownFooter /> should render a picklist with context class when pickItems are passed 1`] = `
<div
  className="xui-dropdown--footer"
  data-automationid={undefined}
>
  <ul
    className="xui-picklist xui-dropdown--footer--picklist xui-picklist-layout"
    data-automationid={undefined}
    id={undefined}
    onKeyDown={undefined}
    onMouseDown={undefined}
    role="group"
  >
    <li
      aria-label={undefined}
      aria-selected={null}
      className="xui-pickitem"
      data-automationid={undefined}
      id="footerAction"
      role="option"
    >
      <button
        className="xui-pickitem--body"
        data-automationid={undefined}
        onClick={undefined}
        onKeyDown={undefined}
        onMouseOver={undefined}
        rel={null}
        tabIndex={undefined}
        type="button"
      >
        <span
          className="xui-pickitem--text"
        >
          Add New Person
        </span>
      </button>
    </li>
  </ul>
</div>
`;

exports[`<DropDownFooter /> should render an automation id when a qaHook is passed 1`] = `
<div
  className="xui-dropdown--footer"
  data-automationid="dropdownfooter-example"
>
  content
</div>
`;
