// Jest Snapshot v1, https://goo.gl/fbAQLP

exports[`<XUIComposition10> renders basic example 1`] = `
<div
  className="xui-composition xui-composition-10 xui-composition-is-finite"
>
  <div
    className="xui-gridarea-nav"
  >
    <div />
  </div>
  <div
    className="xui-gridarea-main"
  >
    <div />
  </div>
</div>
`;

exports[`<XUIComposition10> should do nothing with children 1`] = `
<div
  className="xui-composition xui-composition-10 xui-composition-is-finite"
>
  <div
    className="xui-gridarea-nav"
  >
    <div />
  </div>
  <div
    className="xui-gridarea-main"
  >
    <div />
  </div>
</div>
`;
