// Jest Snapshot v1, https://goo.gl/fbAQLP

exports[`<XUIAccordion /> renders the base component with only required props passed 1`] = `
<div
  className={undefined}
  data-automationid={undefined}
/>
`;

exports[`<XUIAccordion /> renders the component using all available options 1`] = `
<div
  className="testClass"
  data-automationid="testQaHook"
>
  testItem
</div>
`;
