// Jest Snapshot v1, https://goo.gl/fbAQLP

exports[`XUICheckbox should have a qaHook as an automation id if provided 1`] = `
<label
  className="xui-styledcheckboxradio"
  data-automationid="test-checkbox"
  onClick={[Function]}
>
  <input
    className="xui-styledcheckboxradio--input"
    data-automationid="test-checkbox--input"
    defaultChecked={false}
    disabled={false}
    name={undefined}
    onChange={[Function]}
    onClick={[Function]}
    required={false}
    tabIndex={undefined}
    type="checkbox"
    value={undefined}
  />
  <svg
    className="xui-icon"
    data-automationid="test-checkbox--icon"
  >
    <path
      className="xui-styledcheckboxradio--focus"
      d="M6.5 9.5v12q0 3 3 3h12q3 0 3-3v-12q0-3-3-3h-12q-3 0-3 3z"
      role="presentation"
    />
    <path
      className="xui-styledcheckboxradio--main"
      d="M6.5 9.5v12q0 3 3 3h12q3 0 3-3v-12q0-3-3-3h-12q-3 0-3 3z"
      role="presentation"
    />
    <path
      className="xui-styledcheckboxradio--check"
      d="M9.40380592 16.26776695l4.2426407 4.2426407 8.48528136-8.48528138-1.41421356-1.41421357-7.0710678 7.07106782-2.82842714-2.82842713z"
      role="presentation"
    />
    <path
      className="xui-styledcheckboxradio--indeterminate"
      d="M11.5 14.5h8v2h-8z"
      role="presentation"
    />
  </svg>
  <span
    className="xui-styledcheckboxradio--label"
    data-automationid="test-checkbox--label"
  />
</label>
`;
